2025-03-16T18:47:34.001Z - GET /favicon.ico - Error: Can't find /favicon.ico on this server!
    at C:\Users\10\Desktop\hashemite-training-platform\app.js:60:15
    at Layer.handle [as handle_request] (C:\Users\10\Desktop\hashemite-training-platform\node_modules\express\lib\router\layer.js:95:5)
    at next (C:\Users\10\Desktop\hashemite-training-platform\node_modules\express\lib\router\route.js:149:13)
    at next (C:\Users\10\Desktop\hashemite-training-platform\node_modules\express\lib\router\route.js:145:7)
    at next (C:\Users\10\Desktop\hashemite-training-platform\node_modules\express\lib\router\route.js:145:7)
    at next (C:\Users\10\Desktop\hashemite-training-platform\node_modules\express\lib\router\route.js:145:7)
    at next (C:\Users\10\Desktop\hashemite-training-platform\node_modules\express\lib\router\route.js:145:7)
    at next (C:\Users\10\Desktop\hashemite-training-platform\node_modules\express\lib\router\route.js:145:7)
    at next (C:\Users\10\Desktop\hashemite-training-platform\node_modules\express\lib\router\route.js:145:7)
    at Route.dispatch (C:\Users\10\Desktop\hashemite-training-platform\node_modules\express\lib\router\route.js:119:3)
2025-03-17T14:19:07.282Z - GET /favicon.ico - Error: Can't find /favicon.ico on this server!
    at C:\Users\10\Desktop\hashemite-training-platform\app.js:60:15
    at Layer.handle [as handle_request] (C:\Users\10\Desktop\hashemite-training-platform\node_modules\express\lib\router\layer.js:95:5)
    at next (C:\Users\10\Desktop\hashemite-training-platform\node_modules\express\lib\router\route.js:149:13)
    at next (C:\Users\10\Desktop\hashemite-training-platform\node_modules\express\lib\router\route.js:145:7)
    at next (C:\Users\10\Desktop\hashemite-training-platform\node_modules\express\lib\router\route.js:145:7)
    at next (C:\Users\10\Desktop\hashemite-training-platform\node_modules\express\lib\router\route.js:145:7)
    at next (C:\Users\10\Desktop\hashemite-training-platform\node_modules\express\lib\router\route.js:145:7)
    at next (C:\Users\10\Desktop\hashemite-training-platform\node_modules\express\lib\router\route.js:145:7)
    at next (C:\Users\10\Desktop\hashemite-training-platform\node_modules\express\lib\router\route.js:145:7)
    at Route.dispatch (C:\Users\10\Desktop\hashemite-training-platform\node_modules\express\lib\router\route.js:119:3)
2025-03-23T20:38:44.832Z - POST /api/auth/login - MongooseError: Operation `users.findOne()` buffering timed out after 10000ms
    at Timeout.<anonymous> (C:\ff\ff\hashemite-training-platform\node_modules\mongoose\lib\drivers\node-mongodb-native\collection.js:185:23)
    at listOnTimeout (node:internal/timers:594:17)
    at process.processTimers (node:internal/timers:529:7)
2025-03-23T20:42:54.086Z - POST /api/auth/login - MongooseError: Operation `users.findOne()` buffering timed out after 10000ms
    at Timeout.<anonymous> (C:\ff\ff\hashemite-training-platform\node_modules\mongoose\lib\drivers\node-mongodb-native\collection.js:185:23)
    at listOnTimeout (node:internal/timers:594:17)
    at process.processTimers (node:internal/timers:529:7)
2025-03-23T20:49:34.369Z - POST /api/auth/login - MongooseError: Operation `users.findOne()` buffering timed out after 10000ms
    at Timeout.<anonymous> (C:\ff\ff\hashemite-training-platform\node_modules\mongoose\lib\drivers\node-mongodb-native\collection.js:185:23)
    at listOnTimeout (node:internal/timers:594:17)
    at process.processTimers (node:internal/timers:529:7)
2025-03-23T20:49:46.913Z - POST /api/auth/login - Error: "password" is required, "value" must contain at least one of [email, universityId, nationalId]
    at C:\ff\ff\hashemite-training-platform\middleware\validateRequest.js:15:19
    at Layer.handle [as handle_request] (C:\ff\ff\hashemite-training-platform\node_modules\express\lib\router\layer.js:95:5)
    at next (C:\ff\ff\hashemite-training-platform\node_modules\express\lib\router\route.js:149:13)
    at Route.dispatch (C:\ff\ff\hashemite-training-platform\node_modules\express\lib\router\route.js:119:3)
    at Layer.handle [as handle_request] (C:\ff\ff\hashemite-training-platform\node_modules\express\lib\router\layer.js:95:5)
    at C:\ff\ff\hashemite-training-platform\node_modules\express\lib\router\index.js:284:15
    at Function.process_params (C:\ff\ff\hashemite-training-platform\node_modules\express\lib\router\index.js:346:12)
    at next (C:\ff\ff\hashemite-training-platform\node_modules\express\lib\router\index.js:280:10)
    at Function.handle (C:\ff\ff\hashemite-training-platform\node_modules\express\lib\router\index.js:175:3)
    at router (C:\ff\ff\hashemite-training-platform\node_modules\express\lib\router\index.js:47:12)
2025-03-23T20:50:10.122Z - POST /api/auth/login - MongooseError: Operation `users.findOne()` buffering timed out after 10000ms
    at Timeout.<anonymous> (C:\ff\ff\hashemite-training-platform\node_modules\mongoose\lib\drivers\node-mongodb-native\collection.js:185:23)
    at listOnTimeout (node:internal/timers:594:17)
    at process.processTimers (node:internal/timers:529:7)
2025-03-23T20:54:37.485Z - POST /api/auth/login - MongooseError: Operation `users.findOne()` buffering timed out after 10000ms
    at Timeout.<anonymous> (C:\ff\ff\hashemite-training-platform\node_modules\mongoose\lib\drivers\node-mongodb-native\collection.js:185:23)
    at listOnTimeout (node:internal/timers:594:17)
    at process.processTimers (node:internal/timers:529:7)
2025-03-23T20:54:58.583Z - POST /api/auth/login - Error: "nationalId" with value "99115099999" fails to match the required pattern: /^\d{10}$/
    at C:\ff\ff\hashemite-training-platform\middleware\validateRequest.js:15:19
    at Layer.handle [as handle_request] (C:\ff\ff\hashemite-training-platform\node_modules\express\lib\router\layer.js:95:5)
    at next (C:\ff\ff\hashemite-training-platform\node_modules\express\lib\router\route.js:149:13)
    at Route.dispatch (C:\ff\ff\hashemite-training-platform\node_modules\express\lib\router\route.js:119:3)
    at Layer.handle [as handle_request] (C:\ff\ff\hashemite-training-platform\node_modules\express\lib\router\layer.js:95:5)
    at C:\ff\ff\hashemite-training-platform\node_modules\express\lib\router\index.js:284:15
    at Function.process_params (C:\ff\ff\hashemite-training-platform\node_modules\express\lib\router\index.js:346:12)
    at next (C:\ff\ff\hashemite-training-platform\node_modules\express\lib\router\index.js:280:10)
    at Function.handle (C:\ff\ff\hashemite-training-platform\node_modules\express\lib\router\index.js:175:3)
    at router (C:\ff\ff\hashemite-training-platform\node_modules\express\lib\router\index.js:47:12)
2025-03-23T20:55:39.636Z - POST /api/auth/login - MongooseError: Operation `users.findOne()` buffering timed out after 10000ms
    at Timeout.<anonymous> (C:\ff\ff\hashemite-training-platform\node_modules\mongoose\lib\drivers\node-mongodb-native\collection.js:185:23)
    at listOnTimeout (node:internal/timers:594:17)
    at process.processTimers (node:internal/timers:529:7)
2025-03-23T20:56:02.893Z - POST /api/auth/login - MongooseError: Operation `users.findOne()` buffering timed out after 10000ms
    at Timeout.<anonymous> (C:\ff\ff\hashemite-training-platform\node_modules\mongoose\lib\drivers\node-mongodb-native\collection.js:185:23)
    at listOnTimeout (node:internal/timers:594:17)
    at process.processTimers (node:internal/timers:529:7)
2025-03-23T20:58:21.148Z - POST /api/auth/login - MongooseError: Operation `users.findOne()` buffering timed out after 10000ms
    at Timeout.<anonymous> (C:\ff\ff\hashemite-training-platform\node_modules\mongoose\lib\drivers\node-mongodb-native\collection.js:185:23)
    at listOnTimeout (node:internal/timers:594:17)
    at process.processTimers (node:internal/timers:529:7)
2025-03-23T21:01:03.778Z - POST /api/auth/login - MongooseError: Operation `users.findOne()` buffering timed out after 10000ms
    at Timeout.<anonymous> (C:\ff\ff\hashemite-training-platform\node_modules\mongoose\lib\drivers\node-mongodb-native\collection.js:185:23)
    at listOnTimeout (node:internal/timers:594:17)
    at process.processTimers (node:internal/timers:529:7)
2025-04-27T16:19:51.376Z - GET /api/auth/verify-company/111111118 - Error: Company is not verified with the Ministry
    at C:\Users\10\Desktop\new\hashemite-training-platform\routes\authRoutes.js:137:19
    at process.processTicksAndRejections (node:internal/process/task_queues:105:5)
2025-04-27T16:19:58.328Z - GET /api/auth/verify-company/1111111143 - Error: National ID must be 9 digits
    at C:\Users\10\Desktop\new\hashemite-training-platform\routes\authRoutes.js:130:19
    at Layer.handle [as handle_request] (C:\Users\10\Desktop\new\hashemite-training-platform\node_modules\express\lib\router\layer.js:95:5)
    at next (C:\Users\10\Desktop\new\hashemite-training-platform\node_modules\express\lib\router\route.js:149:13)
    at Route.dispatch (C:\Users\10\Desktop\new\hashemite-training-platform\node_modules\express\lib\router\route.js:119:3)
    at Layer.handle [as handle_request] (C:\Users\10\Desktop\new\hashemite-training-platform\node_modules\express\lib\router\layer.js:95:5)
    at C:\Users\10\Desktop\new\hashemite-training-platform\node_modules\express\lib\router\index.js:284:15
    at param (C:\Users\10\Desktop\new\hashemite-training-platform\node_modules\express\lib\router\index.js:365:14)
    at param (C:\Users\10\Desktop\new\hashemite-training-platform\node_modules\express\lib\router\index.js:376:14)
    at Function.process_params (C:\Users\10\Desktop\new\hashemite-training-platform\node_modules\express\lib\router\index.js:421:3)
    at next (C:\Users\10\Desktop\new\hashemite-training-platform\node_modules\express\lib\router\index.js:280:10)
2025-04-27T16:20:02.779Z - GET /api/auth/verify-company/111111114 - Error: Company is not verified with the Ministry
    at C:\Users\10\Desktop\new\hashemite-training-platform\routes\authRoutes.js:137:19
    at process.processTicksAndRejections (node:internal/process/task_queues:105:5)
2025-04-27T16:26:28.766Z - POST /api/auth/register/company - ValidationError: User validation failed: nationalId: Path `nationalId` is required.
    at Document.invalidate (C:\Users\10\Desktop\new\hashemite-training-platform\node_modules\mongoose\lib\document.js:3219:32)
    at C:\Users\10\Desktop\new\hashemite-training-platform\node_modules\mongoose\lib\document.js:3012:17
    at C:\Users\10\Desktop\new\hashemite-training-platform\node_modules\mongoose\lib\schematype.js:1368:9
    at process.processTicksAndRejections (node:internal/process/task_queues:85:11)
2025-04-27T16:27:06.400Z - POST /api/auth/register/company - Error: "nationalId" must be a string
    at C:\Users\10\Desktop\new\hashemite-training-platform\middleware\validateRequest.js:15:19
    at Layer.handle [as handle_request] (C:\Users\10\Desktop\new\hashemite-training-platform\node_modules\express\lib\router\layer.js:95:5)
    at next (C:\Users\10\Desktop\new\hashemite-training-platform\node_modules\express\lib\router\route.js:149:13)
    at Route.dispatch (C:\Users\10\Desktop\new\hashemite-training-platform\node_modules\express\lib\router\route.js:119:3)
    at Layer.handle [as handle_request] (C:\Users\10\Desktop\new\hashemite-training-platform\node_modules\express\lib\router\layer.js:95:5)
    at C:\Users\10\Desktop\new\hashemite-training-platform\node_modules\express\lib\router\index.js:284:15
    at Function.process_params (C:\Users\10\Desktop\new\hashemite-training-platform\node_modules\express\lib\router\index.js:346:12)
    at next (C:\Users\10\Desktop\new\hashemite-training-platform\node_modules\express\lib\router\index.js:280:10)
    at Function.handle (C:\Users\10\Desktop\new\hashemite-training-platform\node_modules\express\lib\router\index.js:175:3)
    at router (C:\Users\10\Desktop\new\hashemite-training-platform\node_modules\express\lib\router\index.js:47:12)
2025-04-27T16:27:15.050Z - POST /api/auth/register/company - ValidationError: User validation failed: nationalId: Path `nationalId` is required.
    at Document.invalidate (C:\Users\10\Desktop\new\hashemite-training-platform\node_modules\mongoose\lib\document.js:3219:32)
    at C:\Users\10\Desktop\new\hashemite-training-platform\node_modules\mongoose\lib\document.js:3012:17
    at C:\Users\10\Desktop\new\hashemite-training-platform\node_modules\mongoose\lib\schematype.js:1368:9
    at process.processTicksAndRejections (node:internal/process/task_queues:85:11)
2025-04-27T16:30:41.998Z - POST /api/auth/register/company - ValidationError: User validation failed: nationalId: Path `nationalId` is required.
    at Document.invalidate (C:\Users\10\Desktop\new\hashemite-training-platform\node_modules\mongoose\lib\document.js:3219:32)
    at C:\Users\10\Desktop\new\hashemite-training-platform\node_modules\mongoose\lib\document.js:3012:17
    at C:\Users\10\Desktop\new\hashemite-training-platform\node_modules\mongoose\lib\schematype.js:1368:9
    at process.processTicksAndRejections (node:internal/process/task_queues:85:11)
2025-04-27T16:42:41.344Z - POST /api/auth/register/company - ValidationError: User validation failed: nationalId: Path `nationalId` is required.
    at Document.invalidate (C:\Users\10\Desktop\new\hashemite-training-platform\node_modules\mongoose\lib\document.js:3219:32)
    at C:\Users\10\Desktop\new\hashemite-training-platform\node_modules\mongoose\lib\document.js:3012:17
    at C:\Users\10\Desktop\new\hashemite-training-platform\node_modules\mongoose\lib\schematype.js:1368:9
    at process.processTicksAndRejections (node:internal/process/task_queues:85:11)
2025-04-27T16:42:45.781Z - POST /api/auth/register/company - ValidationError: User validation failed: nationalId: Path `nationalId` is required.
    at Document.invalidate (C:\Users\10\Desktop\new\hashemite-training-platform\node_modules\mongoose\lib\document.js:3219:32)
    at C:\Users\10\Desktop\new\hashemite-training-platform\node_modules\mongoose\lib\document.js:3012:17
    at C:\Users\10\Desktop\new\hashemite-training-platform\node_modules\mongoose\lib\schematype.js:1368:9
    at process.processTicksAndRejections (node:internal/process/task_queues:85:11)
2025-04-27T16:43:30.335Z - POST /api/auth/register/company - Error: National ID must be 9 digits
    at C:\Users\10\Desktop\new\hashemite-training-platform\middleware\validateRequest.js:15:19
    at Layer.handle [as handle_request] (C:\Users\10\Desktop\new\hashemite-training-platform\node_modules\express\lib\router\layer.js:95:5)
    at next (C:\Users\10\Desktop\new\hashemite-training-platform\node_modules\express\lib\router\route.js:149:13)
    at Route.dispatch (C:\Users\10\Desktop\new\hashemite-training-platform\node_modules\express\lib\router\route.js:119:3)
    at Layer.handle [as handle_request] (C:\Users\10\Desktop\new\hashemite-training-platform\node_modules\express\lib\router\layer.js:95:5)
    at C:\Users\10\Desktop\new\hashemite-training-platform\node_modules\express\lib\router\index.js:284:15
    at Function.process_params (C:\Users\10\Desktop\new\hashemite-training-platform\node_modules\express\lib\router\index.js:346:12)
    at next (C:\Users\10\Desktop\new\hashemite-training-platform\node_modules\express\lib\router\index.js:280:10)
    at Function.handle (C:\Users\10\Desktop\new\hashemite-training-platform\node_modules\express\lib\router\index.js:175:3)
    at router (C:\Users\10\Desktop\new\hashemite-training-platform\node_modules\express\lib\router\index.js:47:12)
2025-04-27T16:43:43.096Z - POST /api/auth/register/company - Error: Company verification failed. Please ensure your National ID is registered with the Ministry.
    at exports.registerCompany (C:\Users\10\Desktop\new\hashemite-training-platform\controllers\authController.js:112:19)
    at process.processTicksAndRejections (node:internal/process/task_queues:105:5)
2025-04-27T16:43:59.850Z - POST /api/auth/register/company - Error: Company verification failed. Please ensure your National ID is registered with the Ministry.
    at exports.registerCompany (C:\Users\10\Desktop\new\hashemite-training-platform\controllers\authController.js:112:19)
    at process.processTicksAndRejections (node:internal/process/task_queues:105:5)
2025-04-27T16:44:05.265Z - POST /api/auth/register/company - Error: National ID must be 9 digits
    at C:\Users\10\Desktop\new\hashemite-training-platform\middleware\validateRequest.js:15:19
    at Layer.handle [as handle_request] (C:\Users\10\Desktop\new\hashemite-training-platform\node_modules\express\lib\router\layer.js:95:5)
    at next (C:\Users\10\Desktop\new\hashemite-training-platform\node_modules\express\lib\router\route.js:149:13)
    at Route.dispatch (C:\Users\10\Desktop\new\hashemite-training-platform\node_modules\express\lib\router\route.js:119:3)
    at Layer.handle [as handle_request] (C:\Users\10\Desktop\new\hashemite-training-platform\node_modules\express\lib\router\layer.js:95:5)
    at C:\Users\10\Desktop\new\hashemite-training-platform\node_modules\express\lib\router\index.js:284:15
    at Function.process_params (C:\Users\10\Desktop\new\hashemite-training-platform\node_modules\express\lib\router\index.js:346:12)
    at next (C:\Users\10\Desktop\new\hashemite-training-platform\node_modules\express\lib\router\index.js:280:10)
    at Function.handle (C:\Users\10\Desktop\new\hashemite-training-platform\node_modules\express\lib\router\index.js:175:3)
    at router (C:\Users\10\Desktop\new\hashemite-training-platform\node_modules\express\lib\router\index.js:47:12)
2025-04-27T16:44:29.846Z - POST /api/auth/register/company - Error: Email is already in use
    at exports.registerCompany (C:\Users\10\Desktop\new\hashemite-training-platform\controllers\authController.js:117:19)
    at process.processTicksAndRejections (node:internal/process/task_queues:105:5)
2025-04-27T16:44:51.948Z - POST /api/auth/register/company - Error: Company verification failed. Please ensure your National ID is registered with the Ministry.
    at exports.registerCompany (C:\Users\10\Desktop\new\hashemite-training-platform\controllers\authController.js:112:19)
    at process.processTicksAndRejections (node:internal/process/task_queues:105:5)
2025-04-29T17:43:24.007Z - POST /api/auth/register/company - Error: "name" is required, "phone" is required, "location" is required, "fieldOfWork" is required, "email" is required, "password" is required
    at C:\Users\10\Desktop\new\hashemite-training-platform\middleware\validateRequest.js:15:19
    at Layer.handle [as handle_request] (C:\Users\10\Desktop\new\hashemite-training-platform\node_modules\express\lib\router\layer.js:95:5)
    at next (C:\Users\10\Desktop\new\hashemite-training-platform\node_modules\express\lib\router\route.js:149:13)
    at Route.dispatch (C:\Users\10\Desktop\new\hashemite-training-platform\node_modules\express\lib\router\route.js:119:3)
    at Layer.handle [as handle_request] (C:\Users\10\Desktop\new\hashemite-training-platform\node_modules\express\lib\router\layer.js:95:5)
    at C:\Users\10\Desktop\new\hashemite-training-platform\node_modules\express\lib\router\index.js:284:15
    at Function.process_params (C:\Users\10\Desktop\new\hashemite-training-platform\node_modules\express\lib\router\index.js:346:12)
    at next (C:\Users\10\Desktop\new\hashemite-training-platform\node_modules\express\lib\router\index.js:280:10)
    at Function.handle (C:\Users\10\Desktop\new\hashemite-training-platform\node_modules\express\lib\router\index.js:175:3)
    at router (C:\Users\10\Desktop\new\hashemite-training-platform\node_modules\express\lib\router\index.js:47:12)
2025-04-29T17:44:18.827Z - POST /api/auth/register/company - Error: Company with this National ID already exists
    at exports.registerCompany (C:\Users\10\Desktop\new\hashemite-training-platform\controllers\authController.js:51:19)
    at process.processTicksAndRejections (node:internal/process/task_queues:105:5)
2025-04-29T18:12:17.724Z - POST /api/verify-company/:nationalId - Error: Can't find /api/verify-company/:nationalId on this server!
    at C:\Users\10\Desktop\new\hashemite-training-platform\app.js:146:15
    at Layer.handle [as handle_request] (C:\Users\10\Desktop\new\hashemite-training-platform\node_modules\express\lib\router\layer.js:95:5)
    at next (C:\Users\10\Desktop\new\hashemite-training-platform\node_modules\express\lib\router\route.js:149:13)
    at next (C:\Users\10\Desktop\new\hashemite-training-platform\node_modules\express\lib\router\route.js:145:7)
    at next (C:\Users\10\Desktop\new\hashemite-training-platform\node_modules\express\lib\router\route.js:145:7)
    at next (C:\Users\10\Desktop\new\hashemite-training-platform\node_modules\express\lib\router\route.js:145:7)
    at next (C:\Users\10\Desktop\new\hashemite-training-platform\node_modules\express\lib\router\route.js:145:7)
    at next (C:\Users\10\Desktop\new\hashemite-training-platform\node_modules\express\lib\router\route.js:145:7)
    at next (C:\Users\10\Desktop\new\hashemite-training-platform\node_modules\express\lib\router\route.js:145:7)
    at next (C:\Users\10\Desktop\new\hashemite-training-platform\node_modules\express\lib\router\route.js:145:7)
2025-04-29T18:12:29.366Z - POST /api/verify-company/111111111 - Error: Can't find /api/verify-company/111111111 on this server!
    at C:\Users\10\Desktop\new\hashemite-training-platform\app.js:146:15
    at Layer.handle [as handle_request] (C:\Users\10\Desktop\new\hashemite-training-platform\node_modules\express\lib\router\layer.js:95:5)
    at next (C:\Users\10\Desktop\new\hashemite-training-platform\node_modules\express\lib\router\route.js:149:13)
    at next (C:\Users\10\Desktop\new\hashemite-training-platform\node_modules\express\lib\router\route.js:145:7)
    at next (C:\Users\10\Desktop\new\hashemite-training-platform\node_modules\express\lib\router\route.js:145:7)
    at next (C:\Users\10\Desktop\new\hashemite-training-platform\node_modules\express\lib\router\route.js:145:7)
    at next (C:\Users\10\Desktop\new\hashemite-training-platform\node_modules\express\lib\router\route.js:145:7)
    at next (C:\Users\10\Desktop\new\hashemite-training-platform\node_modules\express\lib\router\route.js:145:7)
    at next (C:\Users\10\Desktop\new\hashemite-training-platform\node_modules\express\lib\router\route.js:145:7)
    at next (C:\Users\10\Desktop\new\hashemite-training-platform\node_modules\express\lib\router\route.js:145:7)
2025-04-29T18:13:28.389Z - POST /verify-company/111111111 - Error: Can't find /verify-company/111111111 on this server!
    at C:\Users\10\Desktop\new\hashemite-training-platform\app.js:146:15
    at Layer.handle [as handle_request] (C:\Users\10\Desktop\new\hashemite-training-platform\node_modules\express\lib\router\layer.js:95:5)
    at next (C:\Users\10\Desktop\new\hashemite-training-platform\node_modules\express\lib\router\route.js:149:13)
    at next (C:\Users\10\Desktop\new\hashemite-training-platform\node_modules\express\lib\router\route.js:145:7)
    at next (C:\Users\10\Desktop\new\hashemite-training-platform\node_modules\express\lib\router\route.js:145:7)
    at next (C:\Users\10\Desktop\new\hashemite-training-platform\node_modules\express\lib\router\route.js:145:7)
    at next (C:\Users\10\Desktop\new\hashemite-training-platform\node_modules\express\lib\router\route.js:145:7)
    at next (C:\Users\10\Desktop\new\hashemite-training-platform\node_modules\express\lib\router\route.js:145:7)
    at next (C:\Users\10\Desktop\new\hashemite-training-platform\node_modules\express\lib\router\route.js:145:7)
    at next (C:\Users\10\Desktop\new\hashemite-training-platform\node_modules\express\lib\router\route.js:145:7)
2025-04-29T18:13:54.983Z - GET /api/verify-company/111111111 - Error: Can't find /api/verify-company/111111111 on this server!
    at C:\Users\10\Desktop\new\hashemite-training-platform\app.js:146:15
    at Layer.handle [as handle_request] (C:\Users\10\Desktop\new\hashemite-training-platform\node_modules\express\lib\router\layer.js:95:5)
    at next (C:\Users\10\Desktop\new\hashemite-training-platform\node_modules\express\lib\router\route.js:149:13)
    at next (C:\Users\10\Desktop\new\hashemite-training-platform\node_modules\express\lib\router\route.js:145:7)
    at next (C:\Users\10\Desktop\new\hashemite-training-platform\node_modules\express\lib\router\route.js:145:7)
    at next (C:\Users\10\Desktop\new\hashemite-training-platform\node_modules\express\lib\router\route.js:145:7)
    at next (C:\Users\10\Desktop\new\hashemite-training-platform\node_modules\express\lib\router\route.js:145:7)
    at next (C:\Users\10\Desktop\new\hashemite-training-platform\node_modules\express\lib\router\route.js:145:7)
    at next (C:\Users\10\Desktop\new\hashemite-training-platform\node_modules\express\lib\router\route.js:145:7)
    at Route.dispatch (C:\Users\10\Desktop\new\hashemite-training-platform\node_modules\express\lib\router\route.js:119:3)
2025-04-29T18:15:24.232Z - GET /verify-company/111111111 - Error: Can't find /verify-company/111111111 on this server!
    at C:\Users\10\Desktop\new\hashemite-training-platform\app.js:146:15
    at Layer.handle [as handle_request] (C:\Users\10\Desktop\new\hashemite-training-platform\node_modules\express\lib\router\layer.js:95:5)
    at next (C:\Users\10\Desktop\new\hashemite-training-platform\node_modules\express\lib\router\route.js:149:13)
    at next (C:\Users\10\Desktop\new\hashemite-training-platform\node_modules\express\lib\router\route.js:145:7)
    at next (C:\Users\10\Desktop\new\hashemite-training-platform\node_modules\express\lib\router\route.js:145:7)
    at next (C:\Users\10\Desktop\new\hashemite-training-platform\node_modules\express\lib\router\route.js:145:7)
    at next (C:\Users\10\Desktop\new\hashemite-training-platform\node_modules\express\lib\router\route.js:145:7)
    at next (C:\Users\10\Desktop\new\hashemite-training-platform\node_modules\express\lib\router\route.js:145:7)
    at next (C:\Users\10\Desktop\new\hashemite-training-platform\node_modules\express\lib\router\route.js:145:7)
    at Route.dispatch (C:\Users\10\Desktop\new\hashemite-training-platform\node_modules\express\lib\router\route.js:119:3)
2025-04-29T18:21:31.726Z - GET /api/company/check/:nationalId - Error: Can't find /api/company/check/:nationalId on this server!
    at C:\Users\10\Desktop\new\hashemite-training-platform\app.js:146:15
    at Layer.handle [as handle_request] (C:\Users\10\Desktop\new\hashemite-training-platform\node_modules\express\lib\router\layer.js:95:5)
    at next (C:\Users\10\Desktop\new\hashemite-training-platform\node_modules\express\lib\router\route.js:149:13)
    at next (C:\Users\10\Desktop\new\hashemite-training-platform\node_modules\express\lib\router\route.js:145:7)
    at next (C:\Users\10\Desktop\new\hashemite-training-platform\node_modules\express\lib\router\route.js:145:7)
    at next (C:\Users\10\Desktop\new\hashemite-training-platform\node_modules\express\lib\router\route.js:145:7)
    at next (C:\Users\10\Desktop\new\hashemite-training-platform\node_modules\express\lib\router\route.js:145:7)
    at next (C:\Users\10\Desktop\new\hashemite-training-platform\node_modules\express\lib\router\route.js:145:7)
    at next (C:\Users\10\Desktop\new\hashemite-training-platform\node_modules\express\lib\router\route.js:145:7)
    at Route.dispatch (C:\Users\10\Desktop\new\hashemite-training-platform\node_modules\express\lib\router\route.js:119:3)
2025-04-29T18:21:43.561Z - GET /api/company/check/111111111 - Error: Can't find /api/company/check/111111111 on this server!
    at C:\Users\10\Desktop\new\hashemite-training-platform\app.js:146:15
    at Layer.handle [as handle_request] (C:\Users\10\Desktop\new\hashemite-training-platform\node_modules\express\lib\router\layer.js:95:5)
    at next (C:\Users\10\Desktop\new\hashemite-training-platform\node_modules\express\lib\router\route.js:149:13)
    at next (C:\Users\10\Desktop\new\hashemite-training-platform\node_modules\express\lib\router\route.js:145:7)
    at next (C:\Users\10\Desktop\new\hashemite-training-platform\node_modules\express\lib\router\route.js:145:7)
    at next (C:\Users\10\Desktop\new\hashemite-training-platform\node_modules\express\lib\router\route.js:145:7)
    at next (C:\Users\10\Desktop\new\hashemite-training-platform\node_modules\express\lib\router\route.js:145:7)
    at next (C:\Users\10\Desktop\new\hashemite-training-platform\node_modules\express\lib\router\route.js:145:7)
    at next (C:\Users\10\Desktop\new\hashemite-training-platform\node_modules\express\lib\router\route.js:145:7)
    at Route.dispatch (C:\Users\10\Desktop\new\hashemite-training-platform\node_modules\express\lib\router\route.js:119:3)
2025-04-29T18:22:31.699Z - GET /api/company/verify-company/111111111 - Error: Can't find /api/company/verify-company/111111111 on this server!
    at C:\Users\10\Desktop\new\hashemite-training-platform\app.js:146:15
    at Layer.handle [as handle_request] (C:\Users\10\Desktop\new\hashemite-training-platform\node_modules\express\lib\router\layer.js:95:5)
    at next (C:\Users\10\Desktop\new\hashemite-training-platform\node_modules\express\lib\router\route.js:149:13)
    at next (C:\Users\10\Desktop\new\hashemite-training-platform\node_modules\express\lib\router\route.js:145:7)
    at next (C:\Users\10\Desktop\new\hashemite-training-platform\node_modules\express\lib\router\route.js:145:7)
    at next (C:\Users\10\Desktop\new\hashemite-training-platform\node_modules\express\lib\router\route.js:145:7)
    at next (C:\Users\10\Desktop\new\hashemite-training-platform\node_modules\express\lib\router\route.js:145:7)
    at next (C:\Users\10\Desktop\new\hashemite-training-platform\node_modules\express\lib\router\route.js:145:7)
    at next (C:\Users\10\Desktop\new\hashemite-training-platform\node_modules\express\lib\router\route.js:145:7)
    at Route.dispatch (C:\Users\10\Desktop\new\hashemite-training-platform\node_modules\express\lib\router\route.js:119:3)
2025-04-29T18:23:54.820Z - GET /api/auth/verify-company/11111118 - Error: National ID must be 9 digits
    at C:\Users\10\Desktop\new\hashemite-training-platform\routes\authRoutes.js:69:19
    at Layer.handle [as handle_request] (C:\Users\10\Desktop\new\hashemite-training-platform\node_modules\express\lib\router\layer.js:95:5)
    at next (C:\Users\10\Desktop\new\hashemite-training-platform\node_modules\express\lib\router\route.js:149:13)
    at Route.dispatch (C:\Users\10\Desktop\new\hashemite-training-platform\node_modules\express\lib\router\route.js:119:3)
    at Layer.handle [as handle_request] (C:\Users\10\Desktop\new\hashemite-training-platform\node_modules\express\lib\router\layer.js:95:5)
    at C:\Users\10\Desktop\new\hashemite-training-platform\node_modules\express\lib\router\index.js:284:15
    at param (C:\Users\10\Desktop\new\hashemite-training-platform\node_modules\express\lib\router\index.js:365:14)
    at param (C:\Users\10\Desktop\new\hashemite-training-platform\node_modules\express\lib\router\index.js:376:14)
    at Function.process_params (C:\Users\10\Desktop\new\hashemite-training-platform\node_modules\express\lib\router\index.js:421:3)
    at next (C:\Users\10\Desktop\new\hashemite-training-platform\node_modules\express\lib\router\index.js:280:10)
2025-04-29T18:23:59.882Z - GET /api/auth/verify-company/111111187 - Error: Company is not verified with the Ministry
    at C:\Users\10\Desktop\new\hashemite-training-platform\routes\authRoutes.js:75:19
    at process.processTicksAndRejections (node:internal/process/task_queues:105:5)
2025-04-29T18:39:31.888Z - GET /api/auth/verify-company/:nationalId - Error: National ID must be 9 digits
    at C:\Users\10\Desktop\new\hashemite-training-platform\routes\authRoutes.js:69:19
    at Layer.handle [as handle_request] (C:\Users\10\Desktop\new\hashemite-training-platform\node_modules\express\lib\router\layer.js:95:5)
    at next (C:\Users\10\Desktop\new\hashemite-training-platform\node_modules\express\lib\router\route.js:149:13)
    at Route.dispatch (C:\Users\10\Desktop\new\hashemite-training-platform\node_modules\express\lib\router\route.js:119:3)
    at Layer.handle [as handle_request] (C:\Users\10\Desktop\new\hashemite-training-platform\node_modules\express\lib\router\layer.js:95:5)
    at C:\Users\10\Desktop\new\hashemite-training-platform\node_modules\express\lib\router\index.js:284:15
    at param (C:\Users\10\Desktop\new\hashemite-training-platform\node_modules\express\lib\router\index.js:365:14)
    at param (C:\Users\10\Desktop\new\hashemite-training-platform\node_modules\express\lib\router\index.js:376:14)
    at Function.process_params (C:\Users\10\Desktop\new\hashemite-training-platform\node_modules\express\lib\router\index.js:421:3)
    at next (C:\Users\10\Desktop\new\hashemite-training-platform\node_modules\express\lib\router\index.js:280:10)
2025-04-29T18:39:38.670Z - GET /api/auth/verify-company/:nationalId - Error: National ID must be 9 digits
    at C:\Users\10\Desktop\new\hashemite-training-platform\routes\authRoutes.js:69:19
    at Layer.handle [as handle_request] (C:\Users\10\Desktop\new\hashemite-training-platform\node_modules\express\lib\router\layer.js:95:5)
    at next (C:\Users\10\Desktop\new\hashemite-training-platform\node_modules\express\lib\router\route.js:149:13)
    at Route.dispatch (C:\Users\10\Desktop\new\hashemite-training-platform\node_modules\express\lib\router\route.js:119:3)
    at Layer.handle [as handle_request] (C:\Users\10\Desktop\new\hashemite-training-platform\node_modules\express\lib\router\layer.js:95:5)
    at C:\Users\10\Desktop\new\hashemite-training-platform\node_modules\express\lib\router\index.js:284:15
    at param (C:\Users\10\Desktop\new\hashemite-training-platform\node_modules\express\lib\router\index.js:365:14)
    at param (C:\Users\10\Desktop\new\hashemite-training-platform\node_modules\express\lib\router\index.js:376:14)
    at Function.process_params (C:\Users\10\Desktop\new\hashemite-training-platform\node_modules\express\lib\router\index.js:421:3)
    at next (C:\Users\10\Desktop\new\hashemite-training-platform\node_modules\express\lib\router\index.js:280:10)
2025-04-29T18:39:42.638Z - GET /api/auth/verify-company/:nationalId - Error: National ID must be 9 digits
    at C:\Users\10\Desktop\new\hashemite-training-platform\routes\authRoutes.js:69:19
    at Layer.handle [as handle_request] (C:\Users\10\Desktop\new\hashemite-training-platform\node_modules\express\lib\router\layer.js:95:5)
    at next (C:\Users\10\Desktop\new\hashemite-training-platform\node_modules\express\lib\router\route.js:149:13)
    at Route.dispatch (C:\Users\10\Desktop\new\hashemite-training-platform\node_modules\express\lib\router\route.js:119:3)
    at Layer.handle [as handle_request] (C:\Users\10\Desktop\new\hashemite-training-platform\node_modules\express\lib\router\layer.js:95:5)
    at C:\Users\10\Desktop\new\hashemite-training-platform\node_modules\express\lib\router\index.js:284:15
    at param (C:\Users\10\Desktop\new\hashemite-training-platform\node_modules\express\lib\router\index.js:365:14)
    at param (C:\Users\10\Desktop\new\hashemite-training-platform\node_modules\express\lib\router\index.js:376:14)
    at Function.process_params (C:\Users\10\Desktop\new\hashemite-training-platform\node_modules\express\lib\router\index.js:421:3)
    at next (C:\Users\10\Desktop\new\hashemite-training-platform\node_modules\express\lib\router\index.js:280:10)
2025-04-29T18:41:48.721Z - GET /api/auth/verify-company/:nationalId - Error: National ID must be 9 digits
    at C:\Users\10\Desktop\new\hashemite-training-platform\routes\authRoutes.js:69:19
    at Layer.handle [as handle_request] (C:\Users\10\Desktop\new\hashemite-training-platform\node_modules\express\lib\router\layer.js:95:5)
    at next (C:\Users\10\Desktop\new\hashemite-training-platform\node_modules\express\lib\router\route.js:149:13)
    at Route.dispatch (C:\Users\10\Desktop\new\hashemite-training-platform\node_modules\express\lib\router\route.js:119:3)
    at Layer.handle [as handle_request] (C:\Users\10\Desktop\new\hashemite-training-platform\node_modules\express\lib\router\layer.js:95:5)
    at C:\Users\10\Desktop\new\hashemite-training-platform\node_modules\express\lib\router\index.js:284:15
    at param (C:\Users\10\Desktop\new\hashemite-training-platform\node_modules\express\lib\router\index.js:365:14)
    at param (C:\Users\10\Desktop\new\hashemite-training-platform\node_modules\express\lib\router\index.js:376:14)
    at Function.process_params (C:\Users\10\Desktop\new\hashemite-training-platform\node_modules\express\lib\router\index.js:421:3)
    at next (C:\Users\10\Desktop\new\hashemite-training-platform\node_modules\express\lib\router\index.js:280:10)
2025-04-29T18:43:18.136Z - POST /api/auth/register/company - Error: "nationalId" is required, "name" is required, "phone" is required, "location" is required, "fieldOfWork" is required, "email" is required, "password" is required
    at C:\Users\10\Desktop\new\hashemite-training-platform\middleware\validateRequest.js:15:19
    at Layer.handle [as handle_request] (C:\Users\10\Desktop\new\hashemite-training-platform\node_modules\express\lib\router\layer.js:95:5)
    at next (C:\Users\10\Desktop\new\hashemite-training-platform\node_modules\express\lib\router\route.js:149:13)
    at Route.dispatch (C:\Users\10\Desktop\new\hashemite-training-platform\node_modules\express\lib\router\route.js:119:3)
    at Layer.handle [as handle_request] (C:\Users\10\Desktop\new\hashemite-training-platform\node_modules\express\lib\router\layer.js:95:5)
    at C:\Users\10\Desktop\new\hashemite-training-platform\node_modules\express\lib\router\index.js:284:15
    at Function.process_params (C:\Users\10\Desktop\new\hashemite-training-platform\node_modules\express\lib\router\index.js:346:12)
    at next (C:\Users\10\Desktop\new\hashemite-training-platform\node_modules\express\lib\router\index.js:280:10)
    at Function.handle (C:\Users\10\Desktop\new\hashemite-training-platform\node_modules\express\lib\router\index.js:175:3)
    at router (C:\Users\10\Desktop\new\hashemite-training-platform\node_modules\express\lib\router\index.js:47:12)
2025-04-29T20:05:36.363Z - POST /api/auth/register/company - Error: "password" is not allowed to be empty
    at C:\Users\10\Desktop\new\hashemite-training-platform\middleware\validateRequest.js:15:19
    at Layer.handle [as handle_request] (C:\Users\10\Desktop\new\hashemite-training-platform\node_modules\express\lib\router\layer.js:95:5)
    at next (C:\Users\10\Desktop\new\hashemite-training-platform\node_modules\express\lib\router\route.js:149:13)
    at Route.dispatch (C:\Users\10\Desktop\new\hashemite-training-platform\node_modules\express\lib\router\route.js:119:3)
    at Layer.handle [as handle_request] (C:\Users\10\Desktop\new\hashemite-training-platform\node_modules\express\lib\router\layer.js:95:5)
    at C:\Users\10\Desktop\new\hashemite-training-platform\node_modules\express\lib\router\index.js:284:15
    at Function.process_params (C:\Users\10\Desktop\new\hashemite-training-platform\node_modules\express\lib\router\index.js:346:12)
    at next (C:\Users\10\Desktop\new\hashemite-training-platform\node_modules\express\lib\router\index.js:280:10)
    at Function.handle (C:\Users\10\Desktop\new\hashemite-training-platform\node_modules\express\lib\router\index.js:175:3)
    at router (C:\Users\10\Desktop\new\hashemite-training-platform\node_modules\express\lib\router\index.js:47:12)
2025-04-30T10:33:59.856Z - POST /api/auth/register/company - TypeError: Cannot read properties of undefined (reading 'stack')
    at Object.error (C:\Users\10\Desktop\new\hashemite-training-platform\utils\logger.js:18:113)
    at MinistryService.verifyCompany (C:\Users\10\Desktop\new\hashemite-training-platform\external\ministryService.js:64:14)
    at process.processTicksAndRejections (node:internal/process/task_queues:105:5)
    at async exports.registerCompany (C:\Users\10\Desktop\new\hashemite-training-platform\controllers\authController.js:120:32)
2025-04-30T10:35:18.453Z - POST /api/auth/register/company - Error: "nationalId" is required, "name" is required, "phone" is required, "location" is required, "fieldOfWork" is required, "email" is required, "password" is required
    at C:\Users\10\Desktop\new\hashemite-training-platform\middleware\validateRequest.js:15:19
    at Layer.handle [as handle_request] (C:\Users\10\Desktop\new\hashemite-training-platform\node_modules\express\lib\router\layer.js:95:5)
    at next (C:\Users\10\Desktop\new\hashemite-training-platform\node_modules\express\lib\router\route.js:149:13)
    at multerMiddleware (C:\Users\10\Desktop\new\hashemite-training-platform\node_modules\multer\lib\make-middleware.js:13:41)
    at Layer.handle [as handle_request] (C:\Users\10\Desktop\new\hashemite-training-platform\node_modules\express\lib\router\layer.js:95:5)
    at next (C:\Users\10\Desktop\new\hashemite-training-platform\node_modules\express\lib\router\route.js:149:13)
    at Route.dispatch (C:\Users\10\Desktop\new\hashemite-training-platform\node_modules\express\lib\router\route.js:119:3)
    at Layer.handle [as handle_request] (C:\Users\10\Desktop\new\hashemite-training-platform\node_modules\express\lib\router\layer.js:95:5)
    at C:\Users\10\Desktop\new\hashemite-training-platform\node_modules\express\lib\router\index.js:284:15
    at Function.process_params (C:\Users\10\Desktop\new\hashemite-training-platform\node_modules\express\lib\router\index.js:346:12)
2025-04-30T10:39:28.303Z - POST /api/auth/register/company - Error: National ID must be 9 digits
    at C:\Users\10\Desktop\new\hashemite-training-platform\middleware\validateRequest.js:15:19
    at Layer.handle [as handle_request] (C:\Users\10\Desktop\new\hashemite-training-platform\node_modules\express\lib\router\layer.js:95:5)
    at next (C:\Users\10\Desktop\new\hashemite-training-platform\node_modules\express\lib\router\route.js:149:13)
    at multerMiddleware (C:\Users\10\Desktop\new\hashemite-training-platform\node_modules\multer\lib\make-middleware.js:13:41)
    at Layer.handle [as handle_request] (C:\Users\10\Desktop\new\hashemite-training-platform\node_modules\express\lib\router\layer.js:95:5)
    at next (C:\Users\10\Desktop\new\hashemite-training-platform\node_modules\express\lib\router\route.js:149:13)
    at Route.dispatch (C:\Users\10\Desktop\new\hashemite-training-platform\node_modules\express\lib\router\route.js:119:3)
    at Layer.handle [as handle_request] (C:\Users\10\Desktop\new\hashemite-training-platform\node_modules\express\lib\router\layer.js:95:5)
    at C:\Users\10\Desktop\new\hashemite-training-platform\node_modules\express\lib\router\index.js:284:15
    at Function.process_params (C:\Users\10\Desktop\new\hashemite-training-platform\node_modules\express\lib\router\index.js:346:12)
2025-04-30T10:39:39.975Z - POST /api/auth/register/company - TypeError: Cannot read properties of undefined (reading 'stack')
    at Object.error (C:\Users\10\Desktop\new\hashemite-training-platform\utils\logger.js:18:113)
    at MinistryService.verifyCompany (C:\Users\10\Desktop\new\hashemite-training-platform\external\ministryService.js:64:14)
    at process.processTicksAndRejections (node:internal/process/task_queues:105:5)
    at async exports.registerCompany (C:\Users\10\Desktop\new\hashemite-training-platform\controllers\authController.js:120:32)
2025-04-30T11:03:28.041Z - POST /api/auth/login/company - Error: "nationalId" with value "22222222" fails to match the required pattern: /^\d{9}$/
    at C:\Users\10\Desktop\new\hashemite-training-platform\middleware\validateRequest.js:15:19
    at Layer.handle [as handle_request] (C:\Users\10\Desktop\new\hashemite-training-platform\node_modules\express\lib\router\layer.js:95:5)
    at next (C:\Users\10\Desktop\new\hashemite-training-platform\node_modules\express\lib\router\route.js:149:13)
    at Route.dispatch (C:\Users\10\Desktop\new\hashemite-training-platform\node_modules\express\lib\router\route.js:119:3)
    at Layer.handle [as handle_request] (C:\Users\10\Desktop\new\hashemite-training-platform\node_modules\express\lib\router\layer.js:95:5)
    at C:\Users\10\Desktop\new\hashemite-training-platform\node_modules\express\lib\router\index.js:284:15
    at Function.process_params (C:\Users\10\Desktop\new\hashemite-training-platform\node_modules\express\lib\router\index.js:346:12)
    at next (C:\Users\10\Desktop\new\hashemite-training-platform\node_modules\express\lib\router\index.js:280:10)
    at Function.handle (C:\Users\10\Desktop\new\hashemite-training-platform\node_modules\express\lib\router\index.js:175:3)
    at router (C:\Users\10\Desktop\new\hashemite-training-platform\node_modules\express\lib\router\index.js:47:12)
2025-04-30T11:04:13.027Z - POST /api/auth/login/company - Error: Invalid credentials
    at exports.loginCompany (C:\Users\10\Desktop\new\hashemite-training-platform\controllers\authController.js:173:19)
    at process.processTicksAndRejections (node:internal/process/task_queues:105:5)
2025-04-30T11:04:22.273Z - POST /api/auth/login/company - Error: Invalid credentials
    at exports.loginCompany (C:\Users\10\Desktop\new\hashemite-training-platform\controllers\authController.js:173:19)
    at process.processTicksAndRejections (node:internal/process/task_queues:105:5)
2025-04-30T11:04:45.793Z - POST /api/auth/login/company - Error: Invalid credentials
    at exports.loginCompany (C:\Users\10\Desktop\new\hashemite-training-platform\controllers\authController.js:173:19)
2025-04-30T11:05:39.047Z - POST /api/auth/login/company - Error: Invalid credentials
    at exports.loginCompany (C:\Users\10\Desktop\new\hashemite-training-platform\controllers\authController.js:173:19)
2025-04-30T11:09:07.433Z - POST /api/auth/forgotpassword - TypeError: user.getResetPasswordToken is not a function
    at exports.forgotPassword (C:\Users\10\Desktop\new\hashemite-training-platform\controllers\authController.js:297:29)
    at process.processTicksAndRejections (node:internal/process/task_queues:105:5)
2025-04-30T11:39:56.038Z - POST /api/auth/forgotpassword - TypeError: user.getResetPasswordToken is not a function
    at exports.forgotPassword (C:\Users\10\Desktop\new\hashemite-training-platform\controllers\authController.js:297:29)
    at process.processTicksAndRejections (node:internal/process/task_queues:105:5)
2025-04-30T11:45:51.879Z - POST /api/auth/forgotpassword - TypeError: user.getResetPasswordToken is not a function
    at exports.forgotPassword (C:\Users\10\Desktop\new\hashemite-training-platform\controllers\authController.js:297:29)
    at process.processTicksAndRejections (node:internal/process/task_queues:105:5)
2025-04-30T11:48:19.838Z - POST /api/auth/forgotpassword - Error: Email could not be sent
    at exports.forgotPassword (C:\Users\10\Desktop\new\hashemite-training-platform\controllers\authController.js:318:19)
    at process.processTicksAndRejections (node:internal/process/task_queues:105:5)
2025-04-30T11:58:27.131Z - POST /api/auth/forgotpassword - Error: Email could not be sent
    at exports.forgotPassword (C:\Users\10\Desktop\new\hashemite-training-platform\controllers\authController.js:318:19)
    at process.processTicksAndRejections (node:internal/process/task_queues:105:5)
2025-04-30T12:01:07.635Z - POST /api/auth/forgotpassword - Error: Email could not be sent
    at exports.forgotPassword (C:\Users\10\Desktop\new\hashemite-training-platform\controllers\authController.js:318:19)
    at process.processTicksAndRejections (node:internal/process/task_queues:105:5)
2025-04-30T12:19:29.040Z - PUT /api/auth/resetpassword/39cb0c20b53b36ab9a4a4ffddf25c6369ff9f3ac - Error: Can't find /api/auth/resetpassword/39cb0c20b53b36ab9a4a4ffddf25c6369ff9f3ac on this server!
    at C:\Users\10\Desktop\new\hashemite-training-platform\app.js:146:15
    at Layer.handle [as handle_request] (C:\Users\10\Desktop\new\hashemite-training-platform\node_modules\express\lib\router\layer.js:95:5)
    at next (C:\Users\10\Desktop\new\hashemite-training-platform\node_modules\express\lib\router\route.js:149:13)
    at next (C:\Users\10\Desktop\new\hashemite-training-platform\node_modules\express\lib\router\route.js:145:7)
    at next (C:\Users\10\Desktop\new\hashemite-training-platform\node_modules\express\lib\router\route.js:145:7)
    at next (C:\Users\10\Desktop\new\hashemite-training-platform\node_modules\express\lib\router\route.js:145:7)
    at next (C:\Users\10\Desktop\new\hashemite-training-platform\node_modules\express\lib\router\route.js:145:7)
    at next (C:\Users\10\Desktop\new\hashemite-training-platform\node_modules\express\lib\router\route.js:145:7)
    at next (C:\Users\10\Desktop\new\hashemite-training-platform\node_modules\express\lib\router\route.js:145:7)
    at next (C:\Users\10\Desktop\new\hashemite-training-platform\node_modules\express\lib\router\route.js:145:7)
2025-04-30T12:20:51.990Z - PUT /api/auth/resetpassword/39cb0c20b53b36ab9a4a4ffddf25c6369ff9f3ac - Error: Can't find /api/auth/resetpassword/39cb0c20b53b36ab9a4a4ffddf25c6369ff9f3ac on this server!
    at C:\Users\10\Desktop\new\hashemite-training-platform\app.js:146:15
    at Layer.handle [as handle_request] (C:\Users\10\Desktop\new\hashemite-training-platform\node_modules\express\lib\router\layer.js:95:5)
    at next (C:\Users\10\Desktop\new\hashemite-training-platform\node_modules\express\lib\router\route.js:149:13)
    at next (C:\Users\10\Desktop\new\hashemite-training-platform\node_modules\express\lib\router\route.js:145:7)
    at next (C:\Users\10\Desktop\new\hashemite-training-platform\node_modules\express\lib\router\route.js:145:7)
    at next (C:\Users\10\Desktop\new\hashemite-training-platform\node_modules\express\lib\router\route.js:145:7)
    at next (C:\Users\10\Desktop\new\hashemite-training-platform\node_modules\express\lib\router\route.js:145:7)
    at next (C:\Users\10\Desktop\new\hashemite-training-platform\node_modules\express\lib\router\route.js:145:7)
    at next (C:\Users\10\Desktop\new\hashemite-training-platform\node_modules\express\lib\router\route.js:145:7)
    at next (C:\Users\10\Desktop\new\hashemite-training-platform\node_modules\express\lib\router\route.js:145:7)
2025-04-30T12:23:52.070Z - PUT /api/auth/resetpassword/39cb0c20b53b36ab9a4a4ffddf25c6369ff9f3ac - Error: Can't find /api/auth/resetpassword/39cb0c20b53b36ab9a4a4ffddf25c6369ff9f3ac on this server!
    at C:\Users\10\Desktop\new\hashemite-training-platform\app.js:146:15
    at Layer.handle [as handle_request] (C:\Users\10\Desktop\new\hashemite-training-platform\node_modules\express\lib\router\layer.js:95:5)
    at next (C:\Users\10\Desktop\new\hashemite-training-platform\node_modules\express\lib\router\route.js:149:13)
    at next (C:\Users\10\Desktop\new\hashemite-training-platform\node_modules\express\lib\router\route.js:145:7)
    at next (C:\Users\10\Desktop\new\hashemite-training-platform\node_modules\express\lib\router\route.js:145:7)
    at next (C:\Users\10\Desktop\new\hashemite-training-platform\node_modules\express\lib\router\route.js:145:7)
    at next (C:\Users\10\Desktop\new\hashemite-training-platform\node_modules\express\lib\router\route.js:145:7)
    at next (C:\Users\10\Desktop\new\hashemite-training-platform\node_modules\express\lib\router\route.js:145:7)
    at next (C:\Users\10\Desktop\new\hashemite-training-platform\node_modules\express\lib\router\route.js:145:7)
    at next (C:\Users\10\Desktop\new\hashemite-training-platform\node_modules\express\lib\router\route.js:145:7)
2025-04-30T12:41:06.851Z - PUT /api/auth/resetpassword/39cb0c20b53b36ab9a4a4ffddf25c6369ff9f3ac - Error: Invalid token
    at exports.resetPassword (C:\Users\10\Desktop\new\hashemite-training-platform\controllers\authController.js:338:19)
    at process.processTicksAndRejections (node:internal/process/task_queues:105:5)
2025-04-30T13:02:22.382Z - POST /api/auth/login/student - Error: "universityId" is required
    at C:\Users\10\Desktop\new\hashemite-training-platform\middleware\validateRequest.js:15:19
    at Layer.handle [as handle_request] (C:\Users\10\Desktop\new\hashemite-training-platform\node_modules\express\lib\router\layer.js:95:5)
    at next (C:\Users\10\Desktop\new\hashemite-training-platform\node_modules\express\lib\router\route.js:149:13)
    at Route.dispatch (C:\Users\10\Desktop\new\hashemite-training-platform\node_modules\express\lib\router\route.js:119:3)
    at Layer.handle [as handle_request] (C:\Users\10\Desktop\new\hashemite-training-platform\node_modules\express\lib\router\layer.js:95:5)
    at C:\Users\10\Desktop\new\hashemite-training-platform\node_modules\express\lib\router\index.js:284:15
    at Function.process_params (C:\Users\10\Desktop\new\hashemite-training-platform\node_modules\express\lib\router\index.js:346:12)
    at next (C:\Users\10\Desktop\new\hashemite-training-platform\node_modules\express\lib\router\index.js:280:10)
    at Function.handle (C:\Users\10\Desktop\new\hashemite-training-platform\node_modules\express\lib\router\index.js:175:3)
    at router (C:\Users\10\Desktop\new\hashemite-training-platform\node_modules\express\lib\router\index.js:47:12)
2025-04-30T13:02:36.000Z - POST /api/auth/login/student - Error: Invalid credentials
    at exports.loginStudent (C:\Users\10\Desktop\new\hashemite-training-platform\controllers\authController.js:196:19)
2025-04-30T13:03:11.469Z - POST /api/auth/login/student - Error: Invalid credentials
    at exports.loginStudent (C:\Users\10\Desktop\new\hashemite-training-platform\controllers\authController.js:196:19)
2025-04-30T13:03:45.156Z - POST /api/auth/login/student - Error: Invalid credentials
    at exports.loginStudent (C:\Users\10\Desktop\new\hashemite-training-platform\controllers\authController.js:196:19)
2025-04-30T13:05:33.583Z - POST /api/auth/login/student - Error: Invalid credentials
    at exports.loginStudent (C:\Users\10\Desktop\new\hashemite-training-platform\controllers\authController.js:196:19)
2025-04-30T13:22:13.079Z - POST /api/auth/login/company - Error: Invalid credentials
    at exports.loginCompany (C:\Users\10\Desktop\new\hashemite-training-platform\controllers\authController.js:173:19)
    at process.processTicksAndRejections (node:internal/process/task_queues:105:5)
2025-04-30T13:50:41.434Z - POST /api/auth/register/company - Error: Company with this National ID already exists
    at exports.registerCompany (C:\Users\10\Desktop\new\hashemite-training-platform\controllers\authController.js:117:19)
    at process.processTicksAndRejections (node:internal/process/task_queues:105:5)
2025-04-30T13:54:02.157Z - POST /api/auth/register/company - Error: "email" is required
    at C:\Users\10\Desktop\new\hashemite-training-platform\middleware\validateRequest.js:15:19
    at Layer.handle [as handle_request] (C:\Users\10\Desktop\new\hashemite-training-platform\node_modules\express\lib\router\layer.js:95:5)
    at next (C:\Users\10\Desktop\new\hashemite-training-platform\node_modules\express\lib\router\route.js:149:13)
    at Route.dispatch (C:\Users\10\Desktop\new\hashemite-training-platform\node_modules\express\lib\router\route.js:119:3)
    at Layer.handle [as handle_request] (C:\Users\10\Desktop\new\hashemite-training-platform\node_modules\express\lib\router\layer.js:95:5)
    at C:\Users\10\Desktop\new\hashemite-training-platform\node_modules\express\lib\router\index.js:284:15
    at Function.process_params (C:\Users\10\Desktop\new\hashemite-training-platform\node_modules\express\lib\router\index.js:346:12)
    at next (C:\Users\10\Desktop\new\hashemite-training-platform\node_modules\express\lib\router\index.js:280:10)
    at Function.handle (C:\Users\10\Desktop\new\hashemite-training-platform\node_modules\express\lib\router\index.js:175:3)
    at router (C:\Users\10\Desktop\new\hashemite-training-platform\node_modules\express\lib\router\index.js:47:12)
2025-04-30T13:56:08.595Z - POST /api/auth/login/student - Error: Invalid credentials
    at exports.loginStudent (C:\Users\10\Desktop\new\hashemite-training-platform\controllers\authController.js:199:19)
2025-04-30T13:57:08.103Z - POST /api/auth/login/student - Error: Invalid credentials
    at exports.loginStudent (C:\Users\10\Desktop\new\hashemite-training-platform\controllers\authController.js:199:19)
2025-04-30T13:58:10.277Z - POST /api/auth/login/student - Error: Invalid credentials
    at exports.loginStudent (C:\Users\10\Desktop\new\hashemite-training-platform\controllers\authController.js:199:19)
2025-04-30T14:00:22.768Z - POST /api/auth/login/student - Error: Invalid credentials
    at exports.loginStudent (C:\Users\10\Desktop\new\hashemite-training-platform\controllers\authController.js:199:19)
2025-04-30T14:01:34.545Z - POST /api/auth/login/student - Error: Invalid credentials
    at exports.loginStudent (C:\Users\10\Desktop\new\hashemite-training-platform\controllers\authController.js:199:19)
2025-04-30T14:03:43.822Z - POST /api/auth/login/student - Error: "universityId" is required
    at C:\Users\10\Desktop\new\hashemite-training-platform\middleware\validateRequest.js:15:19
    at Layer.handle [as handle_request] (C:\Users\10\Desktop\new\hashemite-training-platform\node_modules\express\lib\router\layer.js:95:5)
    at next (C:\Users\10\Desktop\new\hashemite-training-platform\node_modules\express\lib\router\route.js:149:13)
    at Route.dispatch (C:\Users\10\Desktop\new\hashemite-training-platform\node_modules\express\lib\router\route.js:119:3)
    at Layer.handle [as handle_request] (C:\Users\10\Desktop\new\hashemite-training-platform\node_modules\express\lib\router\layer.js:95:5)
    at C:\Users\10\Desktop\new\hashemite-training-platform\node_modules\express\lib\router\index.js:284:15
    at Function.process_params (C:\Users\10\Desktop\new\hashemite-training-platform\node_modules\express\lib\router\index.js:346:12)
    at next (C:\Users\10\Desktop\new\hashemite-training-platform\node_modules\express\lib\router\index.js:280:10)
    at Function.handle (C:\Users\10\Desktop\new\hashemite-training-platform\node_modules\express\lib\router\index.js:175:3)
    at router (C:\Users\10\Desktop\new\hashemite-training-platform\node_modules\express\lib\router\index.js:47:12)
2025-04-30T14:03:58.691Z - POST /api/auth/login/student - Error: Invalid credentials
    at exports.loginStudent (C:\Users\10\Desktop\new\hashemite-training-platform\controllers\authController.js:199:19)
2025-04-30T14:04:20.509Z - POST /api/auth/login/student - Error: "universityId" is required
    at C:\Users\10\Desktop\new\hashemite-training-platform\middleware\validateRequest.js:15:19
    at Layer.handle [as handle_request] (C:\Users\10\Desktop\new\hashemite-training-platform\node_modules\express\lib\router\layer.js:95:5)
    at next (C:\Users\10\Desktop\new\hashemite-training-platform\node_modules\express\lib\router\route.js:149:13)
    at Route.dispatch (C:\Users\10\Desktop\new\hashemite-training-platform\node_modules\express\lib\router\route.js:119:3)
    at Layer.handle [as handle_request] (C:\Users\10\Desktop\new\hashemite-training-platform\node_modules\express\lib\router\layer.js:95:5)
    at C:\Users\10\Desktop\new\hashemite-training-platform\node_modules\express\lib\router\index.js:284:15
    at Function.process_params (C:\Users\10\Desktop\new\hashemite-training-platform\node_modules\express\lib\router\index.js:346:12)
    at next (C:\Users\10\Desktop\new\hashemite-training-platform\node_modules\express\lib\router\index.js:280:10)
    at Function.handle (C:\Users\10\Desktop\new\hashemite-training-platform\node_modules\express\lib\router\index.js:175:3)
    at router (C:\Users\10\Desktop\new\hashemite-training-platform\node_modules\express\lib\router\index.js:47:12)
2025-04-30T14:04:55.910Z - POST /api/auth/login/student - Error: Invalid credentials
    at exports.loginStudent (C:\Users\10\Desktop\new\hashemite-training-platform\controllers\authController.js:199:19)
2025-04-30T14:05:50.385Z - POST /api/auth/login/student - Error: Invalid credentials
    at exports.loginStudent (C:\Users\10\Desktop\new\hashemite-training-platform\controllers\authController.js:199:19)
2025-04-30T14:06:12.196Z - GET /api/auth/login/student - Error: Can't find /api/auth/login/student on this server!
    at C:\Users\10\Desktop\new\hashemite-training-platform\app.js:146:15
    at Layer.handle [as handle_request] (C:\Users\10\Desktop\new\hashemite-training-platform\node_modules\express\lib\router\layer.js:95:5)
    at next (C:\Users\10\Desktop\new\hashemite-training-platform\node_modules\express\lib\router\route.js:149:13)
    at next (C:\Users\10\Desktop\new\hashemite-training-platform\node_modules\express\lib\router\route.js:145:7)
    at next (C:\Users\10\Desktop\new\hashemite-training-platform\node_modules\express\lib\router\route.js:145:7)
    at next (C:\Users\10\Desktop\new\hashemite-training-platform\node_modules\express\lib\router\route.js:145:7)
    at next (C:\Users\10\Desktop\new\hashemite-training-platform\node_modules\express\lib\router\route.js:145:7)
    at next (C:\Users\10\Desktop\new\hashemite-training-platform\node_modules\express\lib\router\route.js:145:7)
    at next (C:\Users\10\Desktop\new\hashemite-training-platform\node_modules\express\lib\router\route.js:145:7)
    at Route.dispatch (C:\Users\10\Desktop\new\hashemite-training-platform\node_modules\express\lib\router\route.js:119:3)
2025-04-30T14:06:17.576Z - POST /api/auth/login/student - Error: Invalid credentials
    at exports.loginStudent (C:\Users\10\Desktop\new\hashemite-training-platform\controllers\authController.js:199:19)
2025-04-30T14:07:03.602Z - POST /api/auth/login/student - Error: Invalid credentials
    at exports.loginStudent (C:\Users\10\Desktop\new\hashemite-training-platform\controllers\authController.js:199:19)
2025-04-30T14:09:20.648Z - POST /api/auth/login/student - Error: "universityId" is required
    at C:\Users\10\Desktop\new\hashemite-training-platform\middleware\validateRequest.js:15:19
    at Layer.handle [as handle_request] (C:\Users\10\Desktop\new\hashemite-training-platform\node_modules\express\lib\router\layer.js:95:5)
    at next (C:\Users\10\Desktop\new\hashemite-training-platform\node_modules\express\lib\router\route.js:149:13)
    at Route.dispatch (C:\Users\10\Desktop\new\hashemite-training-platform\node_modules\express\lib\router\route.js:119:3)
    at Layer.handle [as handle_request] (C:\Users\10\Desktop\new\hashemite-training-platform\node_modules\express\lib\router\layer.js:95:5)
    at C:\Users\10\Desktop\new\hashemite-training-platform\node_modules\express\lib\router\index.js:284:15
    at Function.process_params (C:\Users\10\Desktop\new\hashemite-training-platform\node_modules\express\lib\router\index.js:346:12)
    at next (C:\Users\10\Desktop\new\hashemite-training-platform\node_modules\express\lib\router\index.js:280:10)
    at Function.handle (C:\Users\10\Desktop\new\hashemite-training-platform\node_modules\express\lib\router\index.js:175:3)
    at router (C:\Users\10\Desktop\new\hashemite-training-platform\node_modules\express\lib\router\index.js:47:12)
2025-04-30T14:10:13.719Z - POST /api/auth/login/student - Error: Invalid credentials
    at exports.loginStudent (C:\Users\10\Desktop\new\hashemite-training-platform\controllers\authController.js:199:19)
2025-04-30T14:19:21.718Z - POST /api/auth/login/student - Error: "universityId" is required
    at C:\Users\10\Desktop\new\hashemite-training-platform\middleware\validateRequest.js:15:19
    at Layer.handle [as handle_request] (C:\Users\10\Desktop\new\hashemite-training-platform\node_modules\express\lib\router\layer.js:95:5)
    at next (C:\Users\10\Desktop\new\hashemite-training-platform\node_modules\express\lib\router\route.js:149:13)
    at Route.dispatch (C:\Users\10\Desktop\new\hashemite-training-platform\node_modules\express\lib\router\route.js:119:3)
    at Layer.handle [as handle_request] (C:\Users\10\Desktop\new\hashemite-training-platform\node_modules\express\lib\router\layer.js:95:5)
    at C:\Users\10\Desktop\new\hashemite-training-platform\node_modules\express\lib\router\index.js:284:15
    at Function.process_params (C:\Users\10\Desktop\new\hashemite-training-platform\node_modules\express\lib\router\index.js:346:12)
    at next (C:\Users\10\Desktop\new\hashemite-training-platform\node_modules\express\lib\router\index.js:280:10)
    at Function.handle (C:\Users\10\Desktop\new\hashemite-training-platform\node_modules\express\lib\router\index.js:175:3)
    at router (C:\Users\10\Desktop\new\hashemite-training-platform\node_modules\express\lib\router\index.js:47:12)
2025-04-30T14:22:25.323Z - POST /api/auth/login/student - Error: "universityId" is required
    at C:\Users\10\Desktop\new\hashemite-training-platform\middleware\validateRequest.js:15:19
    at Layer.handle [as handle_request] (C:\Users\10\Desktop\new\hashemite-training-platform\node_modules\express\lib\router\layer.js:95:5)
    at next (C:\Users\10\Desktop\new\hashemite-training-platform\node_modules\express\lib\router\route.js:149:13)
    at Route.dispatch (C:\Users\10\Desktop\new\hashemite-training-platform\node_modules\express\lib\router\route.js:119:3)
    at Layer.handle [as handle_request] (C:\Users\10\Desktop\new\hashemite-training-platform\node_modules\express\lib\router\layer.js:95:5)
    at C:\Users\10\Desktop\new\hashemite-training-platform\node_modules\express\lib\router\index.js:284:15
    at Function.process_params (C:\Users\10\Desktop\new\hashemite-training-platform\node_modules\express\lib\router\index.js:346:12)
    at next (C:\Users\10\Desktop\new\hashemite-training-platform\node_modules\express\lib\router\index.js:280:10)
    at Function.handle (C:\Users\10\Desktop\new\hashemite-training-platform\node_modules\express\lib\router\index.js:175:3)
    at router (C:\Users\10\Desktop\new\hashemite-training-platform\node_modules\express\lib\router\index.js:47:12)
2025-04-30T14:22:34.205Z - POST /api/auth/login/student - Error: Please provide university ID and password
    at exports.loginStudent (C:\Users\10\Desktop\new\hashemite-training-platform\controllers\authController.js:193:19)
    at Layer.handle [as handle_request] (C:\Users\10\Desktop\new\hashemite-training-platform\node_modules\express\lib\router\layer.js:95:5)
    at next (C:\Users\10\Desktop\new\hashemite-training-platform\node_modules\express\lib\router\route.js:149:13)
    at C:\Users\10\Desktop\new\hashemite-training-platform\middleware\validateRequest.js:20:5
    at Layer.handle [as handle_request] (C:\Users\10\Desktop\new\hashemite-training-platform\node_modules\express\lib\router\layer.js:95:5)
    at next (C:\Users\10\Desktop\new\hashemite-training-platform\node_modules\express\lib\router\route.js:149:13)
    at Route.dispatch (C:\Users\10\Desktop\new\hashemite-training-platform\node_modules\express\lib\router\route.js:119:3)
    at Layer.handle [as handle_request] (C:\Users\10\Desktop\new\hashemite-training-platform\node_modules\express\lib\router\layer.js:95:5)
    at C:\Users\10\Desktop\new\hashemite-training-platform\node_modules\express\lib\router\index.js:284:15
    at Function.process_params (C:\Users\10\Desktop\new\hashemite-training-platform\node_modules\express\lib\router\index.js:346:12)
2025-04-30T14:23:05.293Z - POST /api/auth/login/student - Error: Please provide university ID and password
    at exports.loginStudent (C:\Users\10\Desktop\new\hashemite-training-platform\controllers\authController.js:193:19)
    at Layer.handle [as handle_request] (C:\Users\10\Desktop\new\hashemite-training-platform\node_modules\express\lib\router\layer.js:95:5)
    at next (C:\Users\10\Desktop\new\hashemite-training-platform\node_modules\express\lib\router\route.js:149:13)
    at C:\Users\10\Desktop\new\hashemite-training-platform\middleware\validateRequest.js:20:5
    at Layer.handle [as handle_request] (C:\Users\10\Desktop\new\hashemite-training-platform\node_modules\express\lib\router\layer.js:95:5)
    at next (C:\Users\10\Desktop\new\hashemite-training-platform\node_modules\express\lib\router\route.js:149:13)
    at Route.dispatch (C:\Users\10\Desktop\new\hashemite-training-platform\node_modules\express\lib\router\route.js:119:3)
    at Layer.handle [as handle_request] (C:\Users\10\Desktop\new\hashemite-training-platform\node_modules\express\lib\router\layer.js:95:5)
    at C:\Users\10\Desktop\new\hashemite-training-platform\node_modules\express\lib\router\index.js:284:15
    at Function.process_params (C:\Users\10\Desktop\new\hashemite-training-platform\node_modules\express\lib\router\index.js:346:12)
2025-04-30T14:23:17.148Z - POST /api/auth/login/student - Error: Invalid credentials
    at exports.loginStudent (C:\Users\10\Desktop\new\hashemite-training-platform\controllers\authController.js:199:19)
2025-04-30T14:24:34.718Z - POST /api/auth/login/student - Error: "password" is required
    at C:\Users\10\Desktop\new\hashemite-training-platform\middleware\validateRequest.js:15:19
    at Layer.handle [as handle_request] (C:\Users\10\Desktop\new\hashemite-training-platform\node_modules\express\lib\router\layer.js:95:5)
    at next (C:\Users\10\Desktop\new\hashemite-training-platform\node_modules\express\lib\router\route.js:149:13)
    at Route.dispatch (C:\Users\10\Desktop\new\hashemite-training-platform\node_modules\express\lib\router\route.js:119:3)
    at Layer.handle [as handle_request] (C:\Users\10\Desktop\new\hashemite-training-platform\node_modules\express\lib\router\layer.js:95:5)
    at C:\Users\10\Desktop\new\hashemite-training-platform\node_modules\express\lib\router\index.js:284:15
    at Function.process_params (C:\Users\10\Desktop\new\hashemite-training-platform\node_modules\express\lib\router\index.js:346:12)
    at next (C:\Users\10\Desktop\new\hashemite-training-platform\node_modules\express\lib\router\index.js:280:10)
    at Function.handle (C:\Users\10\Desktop\new\hashemite-training-platform\node_modules\express\lib\router\index.js:175:3)
    at router (C:\Users\10\Desktop\new\hashemite-training-platform\node_modules\express\lib\router\index.js:47:12)
2025-04-30T14:24:40.624Z - POST /api/auth/login/student - Error: Invalid credentials
    at exports.loginStudent (C:\Users\10\Desktop\new\hashemite-training-platform\controllers\authController.js:199:19)
2025-04-30T14:25:59.882Z - POST /api/auth/login/student - Error: Invalid credentials
    at exports.loginStudent (C:\Users\10\Desktop\new\hashemite-training-platform\controllers\authController.js:201:19)
2025-04-30T14:26:54.415Z - POST /api/auth/login/student - Error: Please provide university ID 
    at exports.loginStudent (C:\Users\10\Desktop\new\hashemite-training-platform\controllers\authController.js:192:15)
    at Layer.handle [as handle_request] (C:\Users\10\Desktop\new\hashemite-training-platform\node_modules\express\lib\router\layer.js:95:5)
    at next (C:\Users\10\Desktop\new\hashemite-training-platform\node_modules\express\lib\router\route.js:149:13)
    at C:\Users\10\Desktop\new\hashemite-training-platform\middleware\validateRequest.js:20:5
    at Layer.handle [as handle_request] (C:\Users\10\Desktop\new\hashemite-training-platform\node_modules\express\lib\router\layer.js:95:5)
    at next (C:\Users\10\Desktop\new\hashemite-training-platform\node_modules\express\lib\router\route.js:149:13)
    at Route.dispatch (C:\Users\10\Desktop\new\hashemite-training-platform\node_modules\express\lib\router\route.js:119:3)
    at Layer.handle [as handle_request] (C:\Users\10\Desktop\new\hashemite-training-platform\node_modules\express\lib\router\layer.js:95:5)
    at C:\Users\10\Desktop\new\hashemite-training-platform\node_modules\express\lib\router\index.js:284:15
    at Function.process_params (C:\Users\10\Desktop\new\hashemite-training-platform\node_modules\express\lib\router\index.js:346:12)
2025-04-30T14:27:13.396Z - POST /api/auth/login/student - Error: "universityId" is required
    at C:\Users\10\Desktop\new\hashemite-training-platform\middleware\validateRequest.js:15:19
    at Layer.handle [as handle_request] (C:\Users\10\Desktop\new\hashemite-training-platform\node_modules\express\lib\router\layer.js:95:5)
    at next (C:\Users\10\Desktop\new\hashemite-training-platform\node_modules\express\lib\router\route.js:149:13)
    at Route.dispatch (C:\Users\10\Desktop\new\hashemite-training-platform\node_modules\express\lib\router\route.js:119:3)
    at Layer.handle [as handle_request] (C:\Users\10\Desktop\new\hashemite-training-platform\node_modules\express\lib\router\layer.js:95:5)
    at C:\Users\10\Desktop\new\hashemite-training-platform\node_modules\express\lib\router\index.js:284:15
    at Function.process_params (C:\Users\10\Desktop\new\hashemite-training-platform\node_modules\express\lib\router\index.js:346:12)
    at next (C:\Users\10\Desktop\new\hashemite-training-platform\node_modules\express\lib\router\index.js:280:10)
    at Function.handle (C:\Users\10\Desktop\new\hashemite-training-platform\node_modules\express\lib\router\index.js:175:3)
    at router (C:\Users\10\Desktop\new\hashemite-training-platform\node_modules\express\lib\router\index.js:47:12)
2025-04-30T14:28:20.446Z - POST /api/auth/login/student - Error: "universityId" is required
    at C:\Users\10\Desktop\new\hashemite-training-platform\middleware\validateRequest.js:15:19
    at Layer.handle [as handle_request] (C:\Users\10\Desktop\new\hashemite-training-platform\node_modules\express\lib\router\layer.js:95:5)
    at next (C:\Users\10\Desktop\new\hashemite-training-platform\node_modules\express\lib\router\route.js:149:13)
    at Route.dispatch (C:\Users\10\Desktop\new\hashemite-training-platform\node_modules\express\lib\router\route.js:119:3)
    at Layer.handle [as handle_request] (C:\Users\10\Desktop\new\hashemite-training-platform\node_modules\express\lib\router\layer.js:95:5)
    at C:\Users\10\Desktop\new\hashemite-training-platform\node_modules\express\lib\router\index.js:284:15
    at Function.process_params (C:\Users\10\Desktop\new\hashemite-training-platform\node_modules\express\lib\router\index.js:346:12)
    at next (C:\Users\10\Desktop\new\hashemite-training-platform\node_modules\express\lib\router\index.js:280:10)
    at Function.handle (C:\Users\10\Desktop\new\hashemite-training-platform\node_modules\express\lib\router\index.js:175:3)
    at router (C:\Users\10\Desktop\new\hashemite-training-platform\node_modules\express\lib\router\index.js:47:12)
2025-04-30T14:28:27.555Z - POST /api/auth/login/student - Error: "universityId" is required
    at C:\Users\10\Desktop\new\hashemite-training-platform\middleware\validateRequest.js:15:19
    at Layer.handle [as handle_request] (C:\Users\10\Desktop\new\hashemite-training-platform\node_modules\express\lib\router\layer.js:95:5)
    at next (C:\Users\10\Desktop\new\hashemite-training-platform\node_modules\express\lib\router\route.js:149:13)
    at Route.dispatch (C:\Users\10\Desktop\new\hashemite-training-platform\node_modules\express\lib\router\route.js:119:3)
    at Layer.handle [as handle_request] (C:\Users\10\Desktop\new\hashemite-training-platform\node_modules\express\lib\router\layer.js:95:5)
    at C:\Users\10\Desktop\new\hashemite-training-platform\node_modules\express\lib\router\index.js:284:15
    at Function.process_params (C:\Users\10\Desktop\new\hashemite-training-platform\node_modules\express\lib\router\index.js:346:12)
    at next (C:\Users\10\Desktop\new\hashemite-training-platform\node_modules\express\lib\router\index.js:280:10)
    at Function.handle (C:\Users\10\Desktop\new\hashemite-training-platform\node_modules\express\lib\router\index.js:175:3)
    at router (C:\Users\10\Desktop\new\hashemite-training-platform\node_modules\express\lib\router\index.js:47:12)
2025-04-30T14:28:42.833Z - POST /api/auth/login/student - Error: Invalid credentials
    at exports.loginStudent (C:\Users\10\Desktop\new\hashemite-training-platform\controllers\authController.js:201:19)
2025-04-30T14:29:56.139Z - POST /api/auth/login/student - Error: Invalid password
    at exports.loginStudent (C:\Users\10\Desktop\new\hashemite-training-platform\controllers\authController.js:203:19)
2025-04-30T14:31:25.452Z - POST /api/auth/login/student - Error: Invalid password
    at exports.loginStudent (C:\Users\10\Desktop\new\hashemite-training-platform\controllers\authController.js:203:19)
2025-04-30T16:19:07.536Z - POST /api/auth/login/student - Error: Invalid password
    at exports.loginStudent (C:\Users\10\Desktop\new\hashemite-training-platform\controllers\authController.js:199:31)
2025-04-30T16:31:05.884Z - POST /api/auth/login/student - Error: Invalid university ID
    at exports.loginStudent (C:\Users\10\Desktop\new\hashemite-training-platform\controllers\authController.js:196:28)
    at process.processTicksAndRejections (node:internal/process/task_queues:105:5)
