2025-04-27T16:19:42.047Z - Company verification check: 111111111 - Verified
2025-04-27T16:19:51.369Z - Company verification check: 111111118 - Not verified
2025-04-27T16:20:02.777Z - Company verification check: 111111114 - Not verified
2025-04-27T16:20:08.401Z - Company verification check: 111111111 - Verified
2025-04-27T16:21:37.609Z - Company verification check: 333333612 - Verified
2025-04-27T16:23:07.595Z - Company verification check: 333333612 - Verified
2025-04-27T16:26:28.644Z - Company verification check: 333333612 - Verified
2025-04-27T16:27:14.991Z - Company verification check: 333333612 - Verified
2025-04-27T16:30:41.924Z - Company verification check: 333333612 - Verified
2025-04-27T16:42:41.256Z - Company verification check: 333333612 - Verified
2025-04-27T16:42:45.718Z - Company verification check: 333333612 - Verified
2025-04-27T16:43:16.044Z - Company verification check: 333333612 - Verified
2025-04-27T16:43:16.324Z - New company registered: New Company Test (333333612)
2025-04-27T16:43:43.093Z - Company verification check: 090909090 - Not verified
2025-04-27T16:43:59.848Z - Company verification check: 088888888 - Not verified
2025-04-27T16:44:29.759Z - Company verification check: 333333321 - Verified
2025-04-27T16:44:42.681Z - Company verification check: 333333321 - Verified
2025-04-27T16:44:42.968Z - New company registered: New Company Test88 (333333321)
2025-04-27T16:44:51.946Z - Company verification check: 333333329 - Not verified
2025-04-27T17:00:01.207Z - Company verification check: 111111111 - Verified
2025-04-27T17:00:01.714Z - New company registered: New Company Test88 (111111111)
2025-04-29T18:23:45.313Z - Company verification check: 111111111 - Verified
2025-04-29T18:23:49.889Z - Company verification check: 111111111 - Verified
2025-04-29T18:23:59.874Z - Company verification check: 111111187 - Not verified
2025-04-29T18:25:01.224Z - Company verification check: 111111111 - Verified
2025-04-29T18:37:57.699Z - Company verification check: 111111111 - Verified
2025-04-29T18:40:02.852Z - Company verification check: 111111111 - Verified
2025-04-29T18:40:22.520Z - Company verification check: 333333777 - Verified
2025-04-29T20:05:50.439Z - Company verification check: 333333777 - Verified
2025-04-29T20:05:51.037Z - New company registered: amazon (333333777)
2025-04-29T20:38:02.914Z - Company verification check: 222222222 - Verified
2025-04-29T20:56:42.846Z - Company verification check: 222222222 - Verified
2025-04-30T10:41:11.001Z - Company verification check: 222222222 - Verified
2025-04-30T10:41:11.403Z - New company registered: intrasoft (222222222)
2025-04-30T10:44:15.334Z - Company verification check: 222222222 - Verified
2025-04-30T11:39:47.966Z - Company verification check: 222222222 - Verified
2025-04-30T13:53:23.542Z - Company verification check: 222222222 - Verified
2025-04-30T13:53:23.907Z - New company registered: intrasoft (222222222)
2025-04-30T13:55:41.117Z - Company verification check: 333333777 - Verified
2025-04-30T13:55:41.393Z - New company registered: amazon (333333777)
